// Jest Snapshot v1, https://goo.gl/fbAQLP

exports[`Button styled should render correctly 1`] = `
.c0 {
  border: 0;
  padding: 7px 15px;
  color: #fff;
  background-color: dangerColor;
  font-weight: bold;
  border-radius: 3px;
  cursor: pointer;
  outline: none;
  display: -webkit-inline-box;
  display: -webkit-inline-flex;
  display: -ms-inline-flexbox;
  display: inline-flex;
  -webkit-align-items: center;
  -webkit-box-align: center;
  -ms-flex-align: center;
  align-items: center;
  -webkit-box-pack: center;
  -webkit-justify-content: center;
  -ms-flex-pack: center;
  justify-content: center;
  font-size: 14px;
}

.c0:hover {
  background-color: dangerColorDark;
}

<button
  className="c0"
  size="small"
/>
`;
