// Jest Snapshot v1, https://goo.gl/fbAQLP

exports[`Card styled should render correctly 1`] = `
.c0 {
  max-width: cardMaxWidth;
  position: relative;
  display: -webkit-box;
  display: -webkit-flex;
  display: -ms-flexbox;
  display: flex;
  -webkit-flex-direction: column;
  -ms-flex-direction: column;
  flex-direction: column;
  background-color: #fff;
  color: stylishColor;
}

.c0 .card-img {
  width: 100%;
  height: 300px;
}

.c0 .card-body {
  display: -webkit-inline-box;
  display: -webkit-inline-flex;
  display: -ms-inline-flexbox;
  display: inline-flex;
  -webkit-align-items: center;
  -webkit-box-align: center;
  -ms-flex-align: center;
  align-items: center;
  -webkit-box-pack: justify;
  -webkit-justify-content: space-between;
  -ms-flex-pack: justify;
  justify-content: space-between;
  padding: 5px;
}

.c0 .card-body .card-title {
  margin: 0;
  font-size: 14px;
  text-overflow: ellipsis;
  overflow: hidden;
  white-space: nowrap;
  text-transform: uppercase;
}

.c0 .card-body .badge {
  font-size: 12px;
  border: 1px solid stylishColorLight;
  border-radius: 2px;
  padding: 2px;
}

.c0 .card-footer {
  max-width: 100%;
  display: -webkit-inline-box;
  display: -webkit-inline-flex;
  display: -ms-inline-flexbox;
  display: inline-flex;
  -webkit-flex-wrap: wrap;
  -ms-flex-wrap: wrap;
  flex-wrap: wrap;
  -webkit-box-pack: center;
  -webkit-justify-content: center;
  -ms-flex-pack: center;
  justify-content: center;
  -webkit-align-items: center;
  -webkit-box-align: center;
  -ms-flex-align: center;
  align-items: center;
  text-align: center;
  font-size: 12px;
  padding: 5px;
}

<div
  className="c0"
/>
`;
