// Jest Snapshot v1, https://goo.gl/fbAQLP

exports[`Button should render correctly 1`] = `
<button___default
  onClick={[MockFunction]}
  size="small"
>
  button
</button___default>
`;
