// Jest Snapshot v1, https://goo.gl/fbAQLP

exports[`Header should render correctly 1`] = `
.c0 {
  font-weight: bold;
  min-height: 30px;
  padding: 10px 0;
  display: -webkit-inline-box;
  display: -webkit-inline-flex;
  display: -ms-inline-flexbox;
  display: inline-flex;
  -webkit-box-pack: justify;
  -webkit-justify-content: space-between;
  -ms-flex-pack: justify;
  justify-content: space-between;
  -webkit-align-items: center;
  -webkit-box-align: center;
  -ms-flex-align: center;
  align-items: center;
  -webkit-flex-shrink: 0;
  -ms-flex-negative: 0;
  flex-shrink: 0;
}

.c1 {
  -webkit-text-decoration: none;
  text-decoration: none;
  border: 2px solid;
  padding: 5px;
  border-radius: 3px;
}

<header
  className="c0"
>
  <a
    href="/"
    onClick={[Function]}
  >
    appTitle
  </a>
  <a
    className="c1"
    href="/"
    onClick={[Function]}
  >
    Search
  </a>
</header>
`;
