// Jest Snapshot v1, https://goo.gl/fbAQLP

exports[`Input should render correctly 1`] = `
<input___default
  onChange={[MockFunction]}
  placeholder="placeholder"
  type="text"
/>
`;
