// Jest Snapshot v1, https://goo.gl/fbAQLP

exports[`Loading should render correctly 1`] = `
<Loading__StyledLoading>
  <div
    className="spinner"
  >
    <div
      className="rect1"
    />
    <div
      className="rect2"
    />
    <div
      className="rect3"
    />
    <div
      className="rect4"
    />
    <div
      className="rect5"
    />
  </div>
</Loading__StyledLoading>
`;
