// Jest Snapshot v1, https://goo.gl/fbAQLP

exports[`Checkbox should render correctly 1`] = `
<checkbox___default
  defaultChecked={true}
  id="title"
  name="name"
  onClick={[MockFunction]}
  type="radio"
  value="value"
/>
`;
