// Jest Snapshot v1, https://goo.gl/fbAQLP

exports[`Footer should render correctly 1`] = `
<footer___default>
  <div
    className="footer"
  >
    Netflixroulette
  </div>
</footer___default>
`;
